[   13.2s] ornith           A1-skip              r0 -> SUCCESS   calls=  1 wall=  13.2s
[   22.0s] ornith           A1-skip              r1 -> SUCCESS   calls=  3 wall=   8.7s
[   24.6s] ornith           A1-skip              r2 -> SUCCESS   calls=  1 wall=   2.7s
[   31.0s] ornith           A2-assign            r0 -> SUCCESS   calls=  2 wall=   6.3s
[   37.4s] ornith           A2-assign            r1 -> SUCCESS   calls=  2 wall=   6.4s
[   46.4s] ornith           A2-assign            r2 -> SUCCESS   calls=  3 wall=   9.0s
[   76.2s] ornith           A3-assign-guarded    r0 -> SUCCESS   calls= 10 wall=  29.8s
[   99.9s] ornith           A3-assign-guarded    r1 -> SUCCESS   calls=  8 wall=  23.7s
[  188.0s] ornith           A3-assign-guarded    r2 -> BUDGET    calls= 30 wall=  88.1s
[  280.8s] ornith           A4-impossible        r0 -> BUDGET    calls= 30 wall=  92.7s
[  303.3s] ornith           A4-impossible        r1 -> EXHAUSTED calls=  8 wall=  22.5s
[  325.9s] ornith           A4-impossible        r2 -> EXHAUSTED calls=  8 wall=  22.6s
[  420.2s] ornith           B1-sequential        r0 -> BUDGET    calls= 30 wall=  94.4s
[  515.0s] ornith           B1-sequential        r1 -> BUDGET    calls= 30 wall=  94.7s
[  620.2s] ornith           B1-sequential        r2 -> BUDGET    calls= 30 wall= 105.2s
[  642.7s] ornith           B2-max               r0 -> EXHAUSTED calls=  8 wall=  22.6s
[  728.8s] ornith           B2-max               r1 -> EXHAUSTED calls= 30 wall=  86.1s
[  826.8s] ornith           B2-max               r2 -> EXHAUSTED calls= 30 wall=  98.0s
[  923.0s] ornith           B3-abs               r0 -> BUDGET    calls= 30 wall=  96.2s
[  945.9s] ornith           B3-abs               r1 -> EXHAUSTED calls=  8 wall=  22.9s
[  957.4s] ornith           B3-abs               r2 -> EXHAUSTED calls=  4 wall=  11.5s
[  969.8s] ornith           C1-sqrt-loose        r0 -> EXHAUSTED calls=  4 wall=  12.4s
[  994.9s] ornith           C1-sqrt-loose        r1 -> EXHAUSTED calls=  8 wall=  25.1s
[ 1007.4s] ornith           C1-sqrt-loose        r2 -> EXHAUSTED calls=  4 wall=  12.5s
[ 1058.4s] ornith           C2-sqrt-tight        r0 -> EXHAUSTED calls= 16 wall=  51.0s
[ 1072.3s] ornith           C2-sqrt-tight        r1 -> EXHAUSTED calls=  4 wall=  13.9s
[ 1085.3s] ornith           C2-sqrt-tight        r2 -> EXHAUSTED calls=  4 wall=  12.9s
[ 1250.9s] ornith           C3-loop-pinned       r0 -> BUDGET    calls= 30 wall= 165.6s
[ 1411.0s] ornith           C3-loop-pinned       r1 -> BUDGET    calls= 30 wall= 160.1s
[ 1550.0s] ornith           C3-loop-pinned       r2 -> EXHAUSTED calls= 30 wall= 139.0s
[ 1668.9s] ornith           C4-loop-invariant    r0 -> BUDGET    calls= 30 wall= 118.9s
[ 1799.5s] ornith           C4-loop-invariant    r1 -> BUDGET    calls= 30 wall= 130.6s
[ 1958.6s] ornith           C4-loop-invariant    r2 -> BUDGET    calls= 30 wall= 159.1s
[ 1961.6s] ornith-think     A1-skip              r0 -> SUCCESS   calls=  1 wall=   3.0s
[ 1975.6s] ornith-think     A1-skip              r1 -> SUCCESS   calls=  5 wall=  14.0s
[ 1978.4s] ornith-think     A1-skip              r2 -> SUCCESS   calls=  1 wall=   2.8s
[ 1984.5s] ornith-think     A2-assign            r0 -> SUCCESS   calls=  2 wall=   6.1s
[ 1990.7s] ornith-think     A2-assign            r1 -> SUCCESS   calls=  2 wall=   6.1s
[ 1996.8s] ornith-think     A2-assign            r2 -> SUCCESS   calls=  2 wall=   6.1s
[ 2021.8s] ornith-think     A3-assign-guarded    r0 -> SUCCESS   calls=  8 wall=  25.0s
[ 2108.6s] ornith-think     A3-assign-guarded    r1 -> BUDGET    calls= 30 wall=  86.8s
[ 2132.1s] ornith-think     A3-assign-guarded    r2 -> SUCCESS   calls=  8 wall=  23.5s
[ 2173.4s] ornith-think     A4-impossible        r0 -> EXHAUSTED calls= 13 wall=  41.2s
[ 2196.5s] ornith-think     A4-impossible        r1 -> EXHAUSTED calls=  8 wall=  23.1s
[ 2230.9s] ornith-think     A4-impossible        r2 -> EXHAUSTED calls= 12 wall=  34.4s
[ 2276.9s] ornith-think     B1-sequential        r0 -> EXHAUSTED calls= 12 wall=  46.0s
[ 2373.9s] ornith-think     B1-sequential        r1 -> BUDGET    calls= 30 wall=  97.0s
[ 2403.8s] ornith-think     B1-sequential        r2 -> EXHAUSTED calls=  4 wall=  29.9s
[ 2496.3s] ornith-think     B2-max               r0 -> BUDGET    calls= 30 wall=  92.6s
[ 2507.2s] ornith-think     B2-max               r1 -> EXHAUSTED calls=  4 wall=  10.8s
[ 2518.4s] ornith-think     B2-max               r2 -> EXHAUSTED calls=  4 wall=  11.2s
[ 2618.8s] ornith-think     B3-abs               r0 -> EXHAUSTED calls= 30 wall= 100.4s
[ 2712.1s] ornith-think     B3-abs               r1 -> BUDGET    calls= 30 wall=  93.2s
[ 2804.3s] ornith-think     B3-abs               r2 -> BUDGET    calls= 30 wall=  92.2s
[ 2816.9s] ornith-think     C1-sqrt-loose        r0 -> EXHAUSTED calls=  4 wall=  12.6s
[ 2829.4s] ornith-think     C1-sqrt-loose        r1 -> EXHAUSTED calls=  4 wall=  12.5s
[ 2842.1s] ornith-think     C1-sqrt-loose        r2 -> EXHAUSTED calls=  4 wall=  12.6s
[ 2855.0s] ornith-think     C2-sqrt-tight        r0 -> EXHAUSTED calls=  4 wall=  12.9s
[ 2867.9s] ornith-think     C2-sqrt-tight        r1 -> EXHAUSTED calls=  4 wall=  12.8s
[ 2880.9s] ornith-think     C2-sqrt-tight        r2 -> EXHAUSTED calls=  4 wall=  13.1s
[ 3051.8s] ornith-think     C3-loop-pinned       r0 -> BUDGET    calls= 30 wall= 170.9s
[ 3154.0s] ornith-think     C3-loop-pinned       r1 -> SUCCESS   calls= 24 wall= 102.2s
[ 3330.1s] ornith-think     C3-loop-pinned       r2 -> BUDGET    calls= 30 wall= 176.2s
[ 3500.7s] ornith-think     C4-loop-invariant    r0 -> BUDGET    calls= 30 wall= 170.5s
[ 3596.8s] ornith-think     C4-loop-invariant    r1 -> BUDGET    calls= 30 wall=  96.1s
[ 3703.1s] ornith-think     C4-loop-invariant    r2 -> BUDGET    calls= 30 wall= 106.3s

Done in 3703.1s -> benchmarks/results/results.jsonl
